14:59:01 **** Incremental Build of configuration Debug for project toggle_led ****
make -j12 all 
arm-none-eabi-gcc "../Src/main.c" -mcpu=cortex-m3 -std=gnu11 -g3 -DDEBUG -DSTM32 -DSTM32F1 -DSTM32F103C6Tx -c -I../Inc -O0 -ffunction-sections -fdata-sections -Wall -fstack-usage -fcyclomatic-complexity -MMD -MP -MF"Src/main.d" -MT"Src/main.o" --specs=nano.specs -mfloat-abi=soft -mthumb -o "Src/main.o"
arm-none-eabi-gcc -o "toggle_led.elf" @"objects.list"   -mcpu=cortex-m3 -T"B:\Learn_In_Depth\working_dir\Embedded_Systems\EmbeddedC\toggle_led\STM32F103C6TX_FLASH.ld" --specs=nosys.specs -Wl,-Map="toggle_led.map" -Wl,--gc-sections -static --specs=nano.specs -mfloat-abi=soft -mthumb -Wl,--start-group -lc -lm -Wl,--end-group
Finished building target: toggle_led.elf
 
arm-none-eabi-size   toggle_led.elf 
arm-none-eabi-objdump -h -S  toggle_led.elf  > "toggle_led.list"
   text	   data	    bss	    dec	    hex	filename
    672	     12	   1564	   2248	    8c8	toggle_led.elf
arm-none-eabi-objcopy  -O ihex  toggle_led.elf  "toggle_led.hex"
Finished building: default.size.stdout
Finished building: toggle_led.list
 
Finished building: toggle_led.hex
 
arm-none-eabi-objcopy  -O binary  toggle_led.elf  "toggle_led.bin"
 
Finished building: toggle_led.bin
 

14:59:06 Build Finished. 0 errors, 0 warnings. (took 4s.618ms)

